contract-build
  OK: D:\programcode\python\wvd\next\.local\logs\contract-build-20261009T194855329402.log
contract-test_native_flow-recovery-recheck
  OK: D:\programcode\python\wvd\next\.local\logs\contract-test_native_flow-recovery-recheck-20261009T194950397915.log
contract-test_native_flow-linkage-closure
  OK: D:\programcode\python\wvd\next\.local\logs\contract-test_native_flow-linkage-closure-20261009T194951681022.log
contract-test_native_flow-positive-loop-frame
  OK: D:\programcode\python\wvd\next\.local\logs\contract-test_native_flow-positive-loop-frame-20261009T194954458539.log
contract-test_native_flow-child-result-frame
  OK: D:\programcode\python\wvd\next\.local\logs\contract-test_native_flow-child-result-frame-20261009T194955468407.log
contract-test_native_flow-late-receipt
  OK: D:\programcode\python\wvd\next\.local\logs\contract-test_native_flow-late-receipt-20261009T194956427375.log
contract-test_native_flow-restored-context-timer
  OK: D:\programcode\python\wvd\next\.local\logs\contract-test_native_flow-restored-context-timer-20261009T195001121497.log
contract-test_native_flow-critical-recovery
  OK: D:\programcode\python\wvd\next\.local\logs\contract-test_native_flow-critical-recovery-20261009T195002285612.log
contract-test_native_flow-confirmed-result
  OK: D:\programcode\python\wvd\next\.local\logs\contract-test_native_flow-confirmed-result-20261009T195003725418.log
contract-test_native_flow-timeout-reclassification
  OK: D:\programcode\python\wvd\next\.local\logs\contract-test_native_flow-timeout-reclassification-20261009T195004906972.log
contract-test_native_flow-selection-race
  OK: D:\programcode\python\wvd\next\.local\logs\contract-test_native_flow-selection-race-20261009T195006138482.log
contract-test_native_flow-restart-during-boot
  OK: D:\programcode\python\wvd\next\.local\logs\contract-test_native_flow-restart-during-boot-20261009T195007732664.log
contract-test_native_flow-tolerance
  OK: D:\programcode\python\wvd\next\.local\logs\contract-test_native_flow-tolerance-20261009T195009170083.log
contract-test_native_flow-receipt-exception-safety
  OK: D:\programcode\python\wvd\next\.local\logs\contract-test_native_flow-receipt-exception-safety-20261009T195022526778.log
contract-test_native_flow-exit-proof-causality
  OK: D:\programcode\python\wvd\next\.local\logs\contract-test_native_flow-exit-proof-causality-20261009T195023460970.log
contract-test_native_flow-input-effect-contract
  OK: D:\programcode\python\wvd\next\.local\logs\contract-test_native_flow-input-effect-contract-20261009T195024424589.log
contract-test_native_flow-progress-contract
  OK: D:\programcode\python\wvd\next\.local\logs\contract-test_native_flow-progress-contract-20261009T195025782949.log
contract-test_native_devices-base
  OK: D:\programcode\python\wvd\next\.local\logs\contract-test_native_devices-base-20261009T195026941318.log
contract-test_native_devices-physical-gate-authority
  OK: D:\programcode\python\wvd\next\.local\logs\contract-test_native_devices-physical-gate-authority-20261009T195031521369.log
contract-test_native_devices-lifecycle-deadline
  OK: D:\programcode\python\wvd\next\.local\logs\contract-test_native_devices-lifecycle-deadline-20261009T195032494588.log
contract-test_native_author-pressure-contract
  OK: D:\programcode\python\wvd\next\.local\logs\contract-test_native_author-pressure-contract-20261009T195033545866.log
contract-test_native_author-builtin-resource-closure
  OK: D:\programcode\python\wvd\next\.local\logs\contract-test_native_author-builtin-resource-closure-20261009T195034601686.log
contract-test_native_author-healing-effect-contract
  OK: D:\programcode\python\wvd\next\.local\logs\contract-test_native_author-healing-effect-contract-20261009T195035585615.log
contract-test_native_ocr-ctc-contract
  OK: D:\programcode\python\wvd\next\.local\logs\contract-test_native_ocr-ctc-contract-20261009T195037596194.log
contract-test_native_ocr-result-contract
  OK: D:\programcode\python\wvd\next\.local\logs\contract-test_native_ocr-result-contract-20261009T195038635367.log
contract-test_native_ocr-run-model-contract
  OK: D:\programcode\python\wvd\next\.local\logs\contract-test_native_ocr-run-model-contract-20261009T195039957602.log
contract-test_strategy_frequency-configuration-contract
  OK: D:\programcode\python\wvd\next\.local\logs\contract-test_strategy_frequency-configuration-contract-20261009T195041180472.log
contract-test_strategy_frequency-semantics
  OK: D:\programcode\python\wvd\next\.local\logs\contract-test_strategy_frequency-semantics-20261009T195042223633.log
contract-test_strategy_frequency-fallback-contract
  OK: D:\programcode\python\wvd\next\.local\logs\contract-test_strategy_frequency-fallback-contract-20261009T195043169662.log
contract-test_native_author-leaf-plan-contract
  OK: D:\programcode\python\wvd\next\.local\logs\contract-test_native_author-leaf-plan-contract-20261009T195044174181.log
contract-test_native_author-supply-plan-contract
  OK: D:\programcode\python\wvd\next\.local\logs\contract-test_native_author-supply-plan-contract-20261009T195045085853.log
contract-test_native_application-measurement-contract
  OK: D:\programcode\python\wvd\next\.local\logs\contract-test_native_application-measurement-contract-20261009T195050275256.log
contract-test_native_application-builtin-transaction
  OK: D:\programcode\python\wvd\next\.local\logs\contract-test_native_application-builtin-transaction-20261009T195051409780.log
contract-test_native_application-submission-history
  OK: D:\programcode\python\wvd\next\.local\logs\contract-test_native_application-submission-history-20261009T195053215894.log
contract-test_native_application-control-contract
  OK: D:\programcode\python\wvd\next\.local\logs\contract-test_native_application-control-contract-20261009T195109374390.log
contract-test_native_publication-base
  OK: D:\programcode\python\wvd\next\.local\logs\contract-test_native_publication-base-20261009T195113930515.log
contract-test_native_coordinator-combat-diagnostic
  OK: D:\programcode\python\wvd\next\.local\logs\contract-test_native_coordinator-combat-diagnostic-20261009T195115996216.log
contract-test_native_coordinator-instance-exit
  OK: D:\programcode\python\wvd\next\.local\logs\contract-test_native_coordinator-instance-exit-20261009T195117337629.log
contract-test_native_coordinator-timing-quota
  OK: D:\programcode\python\wvd\next\.local\logs\contract-test_native_coordinator-timing-quota-20261009T195118952081.log
contract-test_native_coordinator-event-history
  OK: D:\programcode\python\wvd\next\.local\logs\contract-test_native_coordinator-event-history-20261009T195120279449.log
contract-tools
  OK: D:\programcode\python\wvd\next\.local\logs\contract-tools-20261009T195121273067.log
contract-resource-tools
  OK: D:\programcode\python\wvd\next\.local\logs\contract-resource-tools-20261009T195122985510.log
contract-test_diagnostic_io.py
  OK: D:\programcode\python\wvd\next\.local\logs\contract-test_diagnostic_io.py-20261009T195129323832.log
contract-test_crash_plan_contract.py
  OK: D:\programcode\python\wvd\next\.local\logs\contract-test_crash_plan_contract.py-20261009T195130649654.log
contract-verify_bounded_trace_input.ps1
  OK: D:\programcode\python\wvd\next\.local\logs\contract-verify_bounded_trace_input.ps1-20261009T195131714868.log
contract-verify_measurement_endpoints.ps1
  OK: D:\programcode\python\wvd\next\.local\logs\contract-verify_measurement_endpoints.ps1-20261009T195133534697.log
contract-verify_trace_guards.ps1
  OK: D:\programcode\python\wvd\next\.local\logs\contract-verify_trace_guards.ps1-20261009T195135063545.log
contract-heap-restore
#< CLIXML

<Objs Version="1.1.0.1" xmlns="http://schemas.microsoft.com/powershell/2004/04"><S S="Error">ParentContainsErrorRecordException: Exception calling "Start" with "2" argument(s): "TRACE_CHILD_CREATE_FAILED"_x000D__x000A_</S></Objs>
Traceback (most recent call last):
  File "D:\programcode\python\wvd\next\tools\run_contracts.py", line 195, in <module>
    if __name__ == "__main__": main()
                               ~~~~^^
  File "D:\programcode\python\wvd\next\tools\run_contracts.py", line 192, in main
    execute(modules, args.output)
    ~~~~~~~^^^^^^^^^^^^^^^^^^^^^^
  File "D:\programcode\python\wvd\next\tools\run_contracts.py", line 156, in execute
    proof("heap-restore", ["dotnet", "restore", ROOT / "tools/heap_analyzer/HeapAnalyzer.csproj",
    ~~~~~^^^^^^^^^^^^^^^^^^^^^^^^^^^^^^^^^^^^^^^^^^^^^^^^^^^^^^^^^^^^^^^^^^^^^^^^^^^^^^^^^^^^^^^^
        "--locked-mode"], timeout_seconds=120)
        ^^^^^^^^^^^^^^^^^^^^^^^^^^^^^^^^^^^^^^
  File "D:\programcode\python\wvd\next\tools\run_contracts.py", line 128, in proof
    run("contract-" + label, command, cwd, timeout_seconds)
    ~~~^^^^^^^^^^^^^^^^^^^^^^^^^^^^^^^^^^^^^^^^^^^^^^^^^^^^
  File "D:\programcode\python\wvd\next\tools\build.py", line 60, in run
    raise RuntimeError(f"{name} 失败 (exit={result.returncode})，完整日志: {log}")
RuntimeError: contract-heap-restore 失败 (exit=1)，完整日志: D:\programcode\python\wvd\next\.local\logs\contract-heap-restore-20261009T195146198266.log
