contract-build
  OK: D:\programcode\python\wvd\next\.local\logs\contract-build-20261009T195239502714.log
contract-test_native_flow-recovery-recheck
  OK: D:\programcode\python\wvd\next\.local\logs\contract-test_native_flow-recovery-recheck-20261009T195315609330.log
contract-test_native_flow-linkage-closure
  OK: D:\programcode\python\wvd\next\.local\logs\contract-test_native_flow-linkage-closure-20261009T195316552300.log
contract-test_native_flow-positive-loop-frame
  OK: D:\programcode\python\wvd\next\.local\logs\contract-test_native_flow-positive-loop-frame-20261009T195319203795.log
contract-test_native_flow-child-result-frame
  OK: D:\programcode\python\wvd\next\.local\logs\contract-test_native_flow-child-result-frame-20261009T195320454593.log
contract-test_native_flow-late-receipt
  OK: D:\programcode\python\wvd\next\.local\logs\contract-test_native_flow-late-receipt-20261009T195321418644.log
contract-test_native_flow-restored-context-timer
  OK: D:\programcode\python\wvd\next\.local\logs\contract-test_native_flow-restored-context-timer-20261009T195326137200.log
contract-test_native_flow-critical-recovery
  OK: D:\programcode\python\wvd\next\.local\logs\contract-test_native_flow-critical-recovery-20261009T195327285165.log
contract-test_native_flow-confirmed-result
  OK: D:\programcode\python\wvd\next\.local\logs\contract-test_native_flow-confirmed-result-20261009T195328740064.log
contract-test_native_flow-timeout-reclassification
  OK: D:\programcode\python\wvd\next\.local\logs\contract-test_native_flow-timeout-reclassification-20261009T195329913155.log
contract-test_native_flow-selection-race
  OK: D:\programcode\python\wvd\next\.local\logs\contract-test_native_flow-selection-race-20261009T195331104388.log
contract-test_native_flow-restart-during-boot
  OK: D:\programcode\python\wvd\next\.local\logs\contract-test_native_flow-restart-during-boot-20261009T195332703368.log
contract-test_native_flow-tolerance
  OK: D:\programcode\python\wvd\next\.local\logs\contract-test_native_flow-tolerance-20261009T195334136239.log
contract-test_native_flow-receipt-exception-safety
  OK: D:\programcode\python\wvd\next\.local\logs\contract-test_native_flow-receipt-exception-safety-20261009T195347526915.log
contract-test_native_flow-exit-proof-causality
  OK: D:\programcode\python\wvd\next\.local\logs\contract-test_native_flow-exit-proof-causality-20261009T195348464984.log
contract-test_native_flow-input-effect-contract
  OK: D:\programcode\python\wvd\next\.local\logs\contract-test_native_flow-input-effect-contract-20261009T195349440561.log
contract-test_native_flow-progress-contract
  OK: D:\programcode\python\wvd\next\.local\logs\contract-test_native_flow-progress-contract-20261009T195350789104.log
contract-test_native_devices-base
  OK: D:\programcode\python\wvd\next\.local\logs\contract-test_native_devices-base-20261009T195351951989.log
contract-test_native_devices-physical-gate-authority
  OK: D:\programcode\python\wvd\next\.local\logs\contract-test_native_devices-physical-gate-authority-20261009T195356500547.log
contract-test_native_devices-lifecycle-deadline
  OK: D:\programcode\python\wvd\next\.local\logs\contract-test_native_devices-lifecycle-deadline-20261009T195357466903.log
contract-test_native_author-pressure-contract
  OK: D:\programcode\python\wvd\next\.local\logs\contract-test_native_author-pressure-contract-20261009T195358531867.log
contract-test_native_author-builtin-resource-closure
  OK: D:\programcode\python\wvd\next\.local\logs\contract-test_native_author-builtin-resource-closure-20261009T195359535154.log
contract-test_native_author-healing-effect-contract
  OK: D:\programcode\python\wvd\next\.local\logs\contract-test_native_author-healing-effect-contract-20261009T195400549021.log
contract-test_native_ocr-ctc-contract
  OK: D:\programcode\python\wvd\next\.local\logs\contract-test_native_ocr-ctc-contract-20261009T195402584150.log
contract-test_native_ocr-result-contract
  OK: D:\programcode\python\wvd\next\.local\logs\contract-test_native_ocr-result-contract-20261009T195403560547.log
contract-test_native_ocr-run-model-contract
  OK: D:\programcode\python\wvd\next\.local\logs\contract-test_native_ocr-run-model-contract-20261009T195404875808.log
contract-test_strategy_frequency-configuration-contract
  OK: D:\programcode\python\wvd\next\.local\logs\contract-test_strategy_frequency-configuration-contract-20261009T195406142293.log
contract-test_strategy_frequency-semantics
  OK: D:\programcode\python\wvd\next\.local\logs\contract-test_strategy_frequency-semantics-20261009T195407111279.log
contract-test_strategy_frequency-fallback-contract
  OK: D:\programcode\python\wvd\next\.local\logs\contract-test_strategy_frequency-fallback-contract-20261009T195408097382.log
contract-test_native_author-leaf-plan-contract
  OK: D:\programcode\python\wvd\next\.local\logs\contract-test_native_author-leaf-plan-contract-20261009T195409064805.log
contract-test_native_author-supply-plan-contract
  OK: D:\programcode\python\wvd\next\.local\logs\contract-test_native_author-supply-plan-contract-20261009T195410163097.log
contract-test_native_application-measurement-contract
  OK: D:\programcode\python\wvd\next\.local\logs\contract-test_native_application-measurement-contract-20261009T195415058609.log
contract-test_native_application-builtin-transaction
  OK: D:\programcode\python\wvd\next\.local\logs\contract-test_native_application-builtin-transaction-20261009T195416082238.log
contract-test_native_application-submission-history
  OK: D:\programcode\python\wvd\next\.local\logs\contract-test_native_application-submission-history-20261009T195417914025.log
contract-test_native_application-control-contract
  OK: D:\programcode\python\wvd\next\.local\logs\contract-test_native_application-control-contract-20261009T195434070258.log
contract-test_native_publication-base
  OK: D:\programcode\python\wvd\next\.local\logs\contract-test_native_publication-base-20261009T195438721696.log
contract-test_native_coordinator-combat-diagnostic
  OK: D:\programcode\python\wvd\next\.local\logs\contract-test_native_coordinator-combat-diagnostic-20261009T195440284539.log
contract-test_native_coordinator-instance-exit
  OK: D:\programcode\python\wvd\next\.local\logs\contract-test_native_coordinator-instance-exit-20261009T195441649450.log
contract-test_native_coordinator-timing-quota
  OK: D:\programcode\python\wvd\next\.local\logs\contract-test_native_coordinator-timing-quota-20261009T195443289246.log
contract-test_native_coordinator-event-history
  OK: D:\programcode\python\wvd\next\.local\logs\contract-test_native_coordinator-event-history-20261009T195444604188.log
contract-tools
  OK: D:\programcode\python\wvd\next\.local\logs\contract-tools-20261009T195445615659.log
contract-resource-tools
  OK: D:\programcode\python\wvd\next\.local\logs\contract-resource-tools-20261009T195447167129.log
contract-test_diagnostic_io.py
  OK: D:\programcode\python\wvd\next\.local\logs\contract-test_diagnostic_io.py-20261009T195453139788.log
contract-test_crash_plan_contract.py
  OK: D:\programcode\python\wvd\next\.local\logs\contract-test_crash_plan_contract.py-20261009T195454415957.log
contract-verify_bounded_trace_input.ps1
  OK: D:\programcode\python\wvd\next\.local\logs\contract-verify_bounded_trace_input.ps1-20261009T195455508699.log
contract-verify_measurement_endpoints.ps1
  OK: D:\programcode\python\wvd\next\.local\logs\contract-verify_measurement_endpoints.ps1-20261009T195457366769.log
contract-verify_trace_guards.ps1
  OK: D:\programcode\python\wvd\next\.local\logs\contract-verify_trace_guards.ps1-20261009T195458888285.log
contract-heap-restore
#< CLIXML

<Objs Version="1.1.0.1" xmlns="http://schemas.microsoft.com/powershell/2004/04"><S S="Error">Exception: TRACE_TOOL_FAILED:1_x000D__x000A_</S></Objs>
  正在确定要还原的项目…

D:\programcode\python\wvd\next\tools\heap_analyzer\HeapAnalyzer.csproj : error NU1101: 找不到包 Microsoft.Windows.EventTracing.Processing.All。源 Microsoft Visual Studio Offline Packages 中不存在具有此 ID 的包

  未能还原 D:\programcode\python\wvd\next\tools\heap_analyzer\HeapAnalyzer.csproj (用时 139 毫秒)。


Traceback (most recent call last):
  File "D:\programcode\python\wvd\next\tools\run_contracts.py", line 195, in <module>
    if __name__ == "__main__": main()
                               ~~~~^^
  File "D:\programcode\python\wvd\next\tools\run_contracts.py", line 192, in main
    execute(modules, args.output)
    ~~~~~~~^^^^^^^^^^^^^^^^^^^^^^
  File "D:\programcode\python\wvd\next\tools\run_contracts.py", line 156, in execute
    proof("heap-restore", ["dotnet", "restore", ROOT / "tools/heap_analyzer/HeapAnalyzer.csproj",
    ~~~~~^^^^^^^^^^^^^^^^^^^^^^^^^^^^^^^^^^^^^^^^^^^^^^^^^^^^^^^^^^^^^^^^^^^^^^^^^^^^^^^^^^^^^^^^
        "--locked-mode"], timeout_seconds=120)
        ^^^^^^^^^^^^^^^^^^^^^^^^^^^^^^^^^^^^^^
  File "D:\programcode\python\wvd\next\tools\run_contracts.py", line 128, in proof
    run("contract-" + label, command, cwd, timeout_seconds)
    ~~~^^^^^^^^^^^^^^^^^^^^^^^^^^^^^^^^^^^^^^^^^^^^^^^^^^^^
  File "D:\programcode\python\wvd\next\tools\build.py", line 64, in run
    raise RuntimeError(f"{name} 失败 (exit={result.returncode})，完整日志: {log}")
RuntimeError: contract-heap-restore 失败 (exit=1)，完整日志: D:\programcode\python\wvd\next\.local\logs\contract-heap-restore-20261009T195509639460.log
