contract-tools
  OK: D:\programcode\python\wvd\next\.local\logs\contract-tools-20261009T195907723605.log
contract-resource-tools
  OK: D:\programcode\python\wvd\next\.local\logs\contract-resource-tools-20261009T195909523452.log
contract-test_diagnostic_io.py
  OK: D:\programcode\python\wvd\next\.local\logs\contract-test_diagnostic_io.py-20261009T195915290166.log
contract-test_crash_plan_contract.py
  OK: D:\programcode\python\wvd\next\.local\logs\contract-test_crash_plan_contract.py-20261009T195916600110.log
contract-verify_bounded_trace_input.ps1
  OK: D:\programcode\python\wvd\next\.local\logs\contract-verify_bounded_trace_input.ps1-20261009T195917682751.log
contract-verify_measurement_endpoints.ps1
  OK: D:\programcode\python\wvd\next\.local\logs\contract-verify_measurement_endpoints.ps1-20261009T195919695752.log
contract-verify_trace_guards.ps1
#< CLIXML

<Objs Version="1.1.0.1" xmlns="http://schemas.microsoft.com/powershell/2004/04"><S S="Error">Exception: TRACE_TOOL_FAILED:1_x000D__x000A_</S></Objs>
Exception: TRACE_TOOL_FAILED:41


Traceback (most recent call last):
  File "D:\programcode\python\wvd\next\tools\run_contracts.py", line 206, in <module>
    if __name__ == "__main__": main()
                               ~~~~^^
  File "D:\programcode\python\wvd\next\tools\run_contracts.py", line 203, in main
    execute(modules, args.output)
    ~~~~~~~^^^^^^^^^^^^^^^^^^^^^^
  File "D:\programcode\python\wvd\next\tools\run_contracts.py", line 151, in execute
    proof(script, [shutil.which("pwsh.exe") or "pwsh.exe", "-NoProfile", "-File",
    ~~~~~^^^^^^^^^^^^^^^^^^^^^^^^^^^^^^^^^^^^^^^^^^^^^^^^^^^^^^^^^^^^^^^^^^^^^^^^
        ROOT / "tests/tools" / script,
        ^^^^^^^^^^^^^^^^^^^^^^^^^^^^^^
        "-OutputRoot" if script == "verify_bounded_trace_input.ps1" else "-EvidenceRoot",
        ^^^^^^^^^^^^^^^^^^^^^^^^^^^^^^^^^^^^^^^^^^^^^^^^^^^^^^^^^^^^^^^^^^^^^^^^^^^^^^^^^
        output / script.removesuffix(".ps1")],
        ^^^^^^^^^^^^^^^^^^^^^^^^^^^^^^^^^^^^^^
        timeout_seconds=120)
        ^^^^^^^^^^^^^^^^^^^^
  File "D:\programcode\python\wvd\next\tools\run_contracts.py", line 128, in proof
    run("contract-" + label, command, cwd, timeout_seconds)
    ~~~^^^^^^^^^^^^^^^^^^^^^^^^^^^^^^^^^^^^^^^^^^^^^^^^^^^^
  File "D:\programcode\python\wvd\next\tools\build.py", line 64, in run
    raise RuntimeError(f"{name} 失败 (exit={result.returncode})，完整日志: {log}")
RuntimeError: contract-verify_trace_guards.ps1 失败 (exit=1)，完整日志: D:\programcode\python\wvd\next\.local\logs\contract-verify_trace_guards.ps1-20261009T195921225730.log
